cargo :     Finished `test` profile [unoptimized + debuginfo] target(s
) in 0.06s
所在位置 行:1 字符: 1
+ cargo test --package skrf-core --test test_network_core 2>&1 | Out-F
i ...
+ ~~~~~~~~~~~~~~~~~~~~~~~~~~~~~~~~~~~~~~~~~~~~~~~~~~~~~~~~~~~~
    + CategoryInfo          : NotSpecified: (    Finished `t...get(s) 
    in 0.06s:String) [], RemoteException
    + FullyQualifiedErrorId : NativeCommandError
 
     Running tests\test_network_core.rs (target\debug\deps\test_networ
k_core-14ad082606710159.exe)

running 13 tests
test test_constructor_from_values ... ok
test test_equality ... ok
test test_constructor_empty ... ok
test test_network_copy ... ok
test test_renumber ... ok
test test_flip ... ok
test test_constructor_from_touchstone_1port ... ok
test test_constructor_from_touchstone ... ok
test test_deembed ... ok
test test_de_embed_by_inv ... ok
test test_cascade ... ok
test test_constructor_from_touchstone_4port ... ok
test test_subnetwork ... ok

test result: ok. 13 passed; 0 failed; 0 ignored; 0 measured; 0 filtered out; finished in 0.03s

